hwnd: 6885446
hwnd: 6885744
hwnd: 1315682
hwnd: 1381218
hwnd: 1446754
hwnd: 791324
hwnd: 1184432
hwnd: 1249968
event for 1249968: 536, 4, 0
event for 1249968: 536, 7, 0
event for 1249968: 536, 18, 0
slept
slept
[02:35:15] slept
